interactions:
- request:
    body: null
    headers:
      Authorization:
      - Bearer 224880f27f224388b11f3b193ee377e7
      Connection:
      - close
      Content-Type:
      - application/json
      Host:
      - api.basespace.illumina.com
      User-Agent:
      - Python-urllib/3.11
    method: GET
    uri: https://api.basespace.illumina.com/v1pre3/files/11710715826?Offset=0&Limit=512
  response:
    body:
      string: '{"Response":{"UploadStatus":"complete","Properties":{"Items":[],"DisplayedCount":0,"TotalCount":0,"Href":"v1pre3/files/11710715826/properties"},"Id":"11710715826","Href":"v1pre3/files/11710715826","HrefContent":"v1pre3/files/11710715826/content","Name":"Myeloid-RNA-Brain-Rep1_S1_L001_R1_001.fastq.gz","ContentType":"application/x-gzip","Size":48526491,"Path":"Myeloid-RNA-Brain-Rep1_S1_L001_R1_001.fastq.gz","IsArchived":false,"DateCreated":"2018-07-19T23:50:10.0000000Z","DateModified":"2018-07-19T23:50:10.0000000Z","ETag":"3a1f3ea201911c15cf166a58ecc783d0-6"},"ResponseStatus":{},"Notifications":[]}'
    headers:
      Cache-Control:
      - no-cache, no-store, must-revalidate
      Connection:
      - close
      Content-Type:
      - application/json
      Date:
      - Wed, 21 May 2025 08:02:56 GMT
      Expires:
      - '0'
      Pragma:
      - no-cache
      Server:
      - Mono.WebServer.XSP/4.8.0.0 Linux
      - Unknown
      Strict-Transport-Security:
      - max-age=10886400; includeSubDomains; preload
      Transfer-Encoding:
      - chunked
      X-BaseSpace-Source:
      - master/readonly
      X-Content-Type-Options:
      - nosniff
      X-Request-ID:
      - 2025.05.21.08.02.56.n73RfI9C9k2DDzUAmk5pgg
    status:
      code: 200
      message: OK
- request:
    body: null
    headers:
      Authorization:
      - Bearer 224880f27f224388b11f3b193ee377e7
      Connection:
      - close
      Content-Type:
      - application/json
      Host:
      - api.basespace.illumina.com
      User-Agent:
      - Python-urllib/3.11
    method: GET
    uri: https://api.basespace.illumina.com/v1pre3/files/11710715826?Offset=0&Limit=512
  response:
    body:
      string: '{"Response":{"UploadStatus":"complete","Properties":{"Items":[],"DisplayedCount":0,"TotalCount":0,"Href":"v1pre3/files/11710715826/properties"},"Id":"11710715826","Href":"v1pre3/files/11710715826","HrefContent":"v1pre3/files/11710715826/content","Name":"Myeloid-RNA-Brain-Rep1_S1_L001_R1_001.fastq.gz","ContentType":"application/x-gzip","Size":48526491,"Path":"Myeloid-RNA-Brain-Rep1_S1_L001_R1_001.fastq.gz","IsArchived":false,"DateCreated":"2018-07-19T23:50:10.0000000Z","DateModified":"2018-07-19T23:50:10.0000000Z","ETag":"3a1f3ea201911c15cf166a58ecc783d0-6"},"ResponseStatus":{},"Notifications":[]}'
    headers:
      Cache-Control:
      - no-cache, no-store, must-revalidate
      Connection:
      - close
      Content-Type:
      - application/json
      Date:
      - Wed, 21 May 2025 08:02:56 GMT
      Expires:
      - '0'
      Pragma:
      - no-cache
      Server:
      - Mono.WebServer.XSP/4.8.0.0 Linux
      - Unknown
      Strict-Transport-Security:
      - max-age=10886400; includeSubDomains; preload
      Transfer-Encoding:
      - chunked
      X-BaseSpace-Source:
      - master/readonly
      X-Content-Type-Options:
      - nosniff
      X-Request-ID:
      - 2025.05.21.08.02.56.2B5LlxPJ50q_09-Scpas8w
    status:
      code: 200
      message: OK
- request:
    body: null
    headers:
      Authorization:
      - Bearer 224880f27f224388b11f3b193ee377e7
      Connection:
      - close
      Content-Type:
      - application/json
      Host:
      - api.basespace.illumina.com
      User-Agent:
      - Python-urllib/3.11
    method: GET
    uri: https://api.basespace.illumina.com/v1pre3/files/11710715826/content?redirect=meta
  response:
    body:
      string: '{"Response":{"Expires":"2025-05-28T08:00:57.3893800Z","HrefContent":"https://basespace-data-east.s3.us-east-1.amazonaws.com/52120ea6461047299326a922018851c9/Myeloid-RNA-Brain-Rep1_S1_L001_R1_001.fastq.gz?AWSAccessKeyId=AKIARPYQJSWQZKU3DBUF&Expires=1748419377&response-content-disposition=filename%3DMyeloid-RNA-Brain-Rep1_S1_L001_R1_001.fastq.gz&response-content-type=application%2Fx-gzip&Signature=Y6xLk0XZCPDHK%2BX2YpdOphWDZmw%3D","SupportsRange":true},"ResponseStatus":{},"Notifications":[]}'
    headers:
      Accept-Ranges:
      - bytes
      Cache-Control:
      - no-cache, no-store, must-revalidate
      Connection:
      - close
      Content-Type:
      - application/json
      Date:
      - Wed, 21 May 2025 08:02:57 GMT
      Expires:
      - Wed, 28 May 2025 08:00:57 GMT
      Pragma:
      - no-cache
      Server:
      - Mono.WebServer.XSP/4.8.0.0 Linux
      - Unknown
      Strict-Transport-Security:
      - max-age=10886400; includeSubDomains; preload
      Transfer-Encoding:
      - chunked
      X-BaseSpace-Source:
      - master/readonly
      X-Content-Type-Options:
      - nosniff
      X-Request-ID:
      - 2025.05.21.08.02.57.OP-YZ7_6BkOVXCQfS-QVeA
    status:
      code: 200
      message: OK
version: 1
